// Jest Snapshot v1, https://goo.gl/fbAQLP

exports[`<UserForm /> rendering should render without crashing 1`] = `
<Router
  history={
    Object {
      "action": "POP",
      "block": [Function],
      "createHref": [Function],
      "go": [Function],
      "goBack": [Function],
      "goForward": [Function],
      "length": 1,
      "listen": [Function],
      "location": Object {
        "hash": "",
        "pathname": "/",
        "search": "",
        "state": undefined,
      },
      "push": [Function],
      "replace": [Function],
    }
  }
>
  <Provider
    store={
      Object {
        "clearActions": [Function],
        "dispatch": [Function],
        "getActions": [Function],
        "getState": [Function],
        "replaceReducer": [Function],
        "subscribe": [Function],
      }
    }
  >
    <UserForm
      action={[Function]}
      userData={
        Object {
          "abn": "1234567890",
          "alternativeEmail": "personalmail@itsolver.net",
          "createdAt": "11/21/2020",
          "domain": "test.com",
          "email": "mkrukuy@gmail.com",
          "file": null,
          "firstName": "Mike",
          "id": "test id",
          "isAdmin": false,
          "lastName": "Manners",
          "locationPostcode": "4000",
          "locationStreet1": "Suite 5, Level 2",
          "locationStreet2": "123 Test Street",
          "locationSuburb": "Brisbane",
          "logoUrl": "some logoUrl",
          "name": "Mateo",
          "phone": "0733120457",
          "tenant": "some tenantId",
        }
      }
    />
  </Provider>
</Router>
`;
